<html>
<body>
<pre>
<h1>µVision Build Log</h1>
<h2>Tool Versions:</h2>
IDE-Version: µVision V5.29.0.0
Copyright (C) 2019 ARM Ltd and ARM Germany GmbH. All rights reserved.
License Information: Sahar Taha, Non, LIC=----
 
Tool Versions:
Toolchain:       MDK-Lite  Version: 5.29.0.0
Toolchain Path:  C:\Keil_v5\ARM\ARMCC\Bin
C Compiler:      Armcc.exe V5.06 update 6 (build 750)
Assembler:       Armasm.exe V5.06 update 6 (build 750)
Linker/Locator:  ArmLink.exe V5.06 update 6 (build 750)
Library Manager: ArmAr.exe V5.06 update 6 (build 750)
Hex Converter:   FromElf.exe V5.06 update 6 (build 750)
CPU DLL:         SARM.DLL V5.29.0.0
Dialog DLL:      DARMP.DLL V1.53.0.0
Target DLL:      UL2ARM.DLL V1.74.10.0
Dialog DLL:      TARMP.DLL V1.53.0.0
 
<h2>Project:</h2>
D:\FWD\EDF project\FreeRTOSv202112.00\FreeRTOS\Demo\ARM7_LPC2129_Keil_RVDS\RTOSDemo.uvproj
Project File Date:  09/14/2022

<h2>Output:</h2>
*** Using Compiler 'V5.06 update 6 (build 750)', folder: 'C:\Keil_v5\ARM\ARMCC\Bin'
Rebuild target 'RTOSDemo_THUMB'
assembling Startup.s...
compiling main.c...
main.c(321): warning:  #177-D: function "vErrorChecks"  was declared but never referenced
  static void vErrorChecks( void *pvParameters )
main.c: 1 warning, 0 errors
compiling ParTest.c...
compiling serial.c...
assembling serialISR.s...
compiling list.c...
compiling port.c...
compiling queue.c...
assembling portASM.s...
compiling heap_2.c...
compiling tasks.c...
compiling flash.c...
compiling comtest.c...
compiling BlockQ.c...
compiling dynamic.c...
compiling PollQ.c...
compiling semtest.c...
linking...
Program Size: Code=13868 RO-data=32 RW-data=216 ZI-data=15176  
FromELF: creating hex file...
".\bin\RTOSDemo.axf" - 0 Error(s), 1 Warning(s).
Build Time Elapsed:  00:00:01
</pre>
</body>
</html>
